// Jest Snapshot v1, https://goo.gl/fbAQLP

exports[`expect <App /> to match snapshot 1`] = `
<div>
  <header
    className="MuiPaper-root MuiAppBar-root makeStyles-appRoot-1 MuiAppBar-positionStatic MuiAppBar-colorPrimary MuiPaper-elevation4"
  >
    <div
      className="MuiToolbar-root MuiToolbar-regular MuiToolbar-gutters"
    >
      <form
        onSubmit={[Function]}
      >
        <div
          className="makeStyles-container-6"
        >
          <svg
            aria-hidden="true"
            className="MuiSvgIcon-root makeStyles-githubIcon-7"
            focusable="false"
            onClick={[Function]}
            viewBox="0 0 24 24"
          >
            <path
              d="M12 .3a12 12 0 0 0-3.8 23.4c.6.1.8-.3.8-.6v-2c-3.3.7-4-1.6-4-1.6-.6-1.4-1.4-1.8-1.4-1.8-1-.7.1-.7.1-.7 1.2 0 1.9 1.2 1.9 1.2 1 1.8 2.8 1.3 3.5 1 0-.8.4-1.3.7-1.6-2.7-.3-5.5-1.3-5.5-6 0-1.2.5-2.3 1.3-3.1-.2-.4-.6-1.6 0-3.2 0 0 1-.3 3.4 1.2a11.5 11.5 0 0 1 6 0c2.3-1.5 3.3-1.2 3.3-1.2.6 1.6.2 2.8 0 3.2.9.8 1.3 1.9 1.3 3.2 0 4.6-2.8 5.6-5.5 5.9.5.4.9 1 .9 2.2v3.3c0 .3.1.7.8.6A12 12 0 0 0 12 .3"
            />
          </svg>
          <div
            className="makeStyles-searchContainer-2"
          >
            <div
              className="makeStyles-searchIcon-3"
            >
              <svg
                aria-hidden="true"
                className="MuiSvgIcon-root"
                focusable="false"
                viewBox="0 0 24 24"
              >
                <path
                  d="M15.5 14h-.79l-.28-.27C15.41 12.59 16 11.11 16 9.5 16 5.91 13.09 3 9.5 3S3 5.91 3 9.5 5.91 16 9.5 16c1.61 0 3.09-.59 4.23-1.57l.27.28v.79l5 4.99L20.49 19l-4.99-5zm-6 0C7.01 14 5 11.99 5 9.5S7.01 5 9.5 5 14 7.01 14 9.5 11.99 14 9.5 14z"
                />
              </svg>
            </div>
            <div
              className="MuiInputBase-root makeStyles-inputRoot-4"
              onClick={[Function]}
            >
              <input
                className="MuiInputBase-input makeStyles-inputInput-5"
                onAnimationStart={[Function]}
                onBlur={[Function]}
                onChange={[Function]}
                onFocus={[Function]}
                placeholder="Search..."
                type="text"
                value=""
              />
            </div>
          </div>
        </div>
      </form>
    </div>
  </header>
  <div
    className="repository-list"
  />
  <div
    className="pagination-wrapper"
  />
</div>
`;

exports[`expect <Pagination /> to match snapshot 1`] = `
<nav
  aria-label="pagination navigation"
  className="MuiPagination-root"
>
  <ul
    className="MuiPagination-ul"
  >
    <li>
      <button
        aria-label="Go to previous page"
        className="MuiButtonBase-root MuiPaginationItem-root MuiPaginationItem-page MuiPaginationItem-rounded MuiPaginationItem-textPrimary Mui-disabled Mui-disabled"
        disabled={true}
        onBlur={[Function]}
        onClick={[Function]}
        onDragLeave={[Function]}
        onFocus={[Function]}
        onKeyDown={[Function]}
        onKeyUp={[Function]}
        onMouseDown={[Function]}
        onMouseLeave={[Function]}
        onMouseUp={[Function]}
        onTouchEnd={[Function]}
        onTouchMove={[Function]}
        onTouchStart={[Function]}
        tabIndex={-1}
        type="button"
      >
        <svg
          aria-hidden="true"
          className="MuiSvgIcon-root MuiPaginationItem-icon"
          focusable="false"
          viewBox="0 0 24 24"
        >
          <path
            d="M15.41 7.41L14 6l-6 6 6 6 1.41-1.41L10.83 12z"
          />
        </svg>
      </button>
    </li>
    <li>
      <button
        aria-current="true"
        aria-label="page 1"
        className="MuiButtonBase-root MuiPaginationItem-root MuiPaginationItem-page MuiPaginationItem-rounded MuiPaginationItem-textPrimary Mui-selected"
        disabled={false}
        onBlur={[Function]}
        onClick={[Function]}
        onDragLeave={[Function]}
        onFocus={[Function]}
        onKeyDown={[Function]}
        onKeyUp={[Function]}
        onMouseDown={[Function]}
        onMouseLeave={[Function]}
        onMouseUp={[Function]}
        onTouchEnd={[Function]}
        onTouchMove={[Function]}
        onTouchStart={[Function]}
        tabIndex={0}
        type="button"
      >
        1
      </button>
    </li>
    <li>
      <button
        aria-label="Go to page 2"
        className="MuiButtonBase-root MuiPaginationItem-root MuiPaginationItem-page MuiPaginationItem-rounded MuiPaginationItem-textPrimary"
        disabled={false}
        onBlur={[Function]}
        onClick={[Function]}
        onDragLeave={[Function]}
        onFocus={[Function]}
        onKeyDown={[Function]}
        onKeyUp={[Function]}
        onMouseDown={[Function]}
        onMouseLeave={[Function]}
        onMouseUp={[Function]}
        onTouchEnd={[Function]}
        onTouchMove={[Function]}
        onTouchStart={[Function]}
        tabIndex={0}
        type="button"
      >
        2
      </button>
    </li>
    <li>
      <button
        aria-label="Go to page 3"
        className="MuiButtonBase-root MuiPaginationItem-root MuiPaginationItem-page MuiPaginationItem-rounded MuiPaginationItem-textPrimary"
        disabled={false}
        onBlur={[Function]}
        onClick={[Function]}
        onDragLeave={[Function]}
        onFocus={[Function]}
        onKeyDown={[Function]}
        onKeyUp={[Function]}
        onMouseDown={[Function]}
        onMouseLeave={[Function]}
        onMouseUp={[Function]}
        onTouchEnd={[Function]}
        onTouchMove={[Function]}
        onTouchStart={[Function]}
        tabIndex={0}
        type="button"
      >
        3
      </button>
    </li>
    <li>
      <button
        aria-label="Go to page 4"
        className="MuiButtonBase-root MuiPaginationItem-root MuiPaginationItem-page MuiPaginationItem-rounded MuiPaginationItem-textPrimary"
        disabled={false}
        onBlur={[Function]}
        onClick={[Function]}
        onDragLeave={[Function]}
        onFocus={[Function]}
        onKeyDown={[Function]}
        onKeyUp={[Function]}
        onMouseDown={[Function]}
        onMouseLeave={[Function]}
        onMouseUp={[Function]}
        onTouchEnd={[Function]}
        onTouchMove={[Function]}
        onTouchStart={[Function]}
        tabIndex={0}
        type="button"
      >
        4
      </button>
    </li>
    <li>
      <button
        aria-label="Go to page 5"
        className="MuiButtonBase-root MuiPaginationItem-root MuiPaginationItem-page MuiPaginationItem-rounded MuiPaginationItem-textPrimary"
        disabled={false}
        onBlur={[Function]}
        onClick={[Function]}
        onDragLeave={[Function]}
        onFocus={[Function]}
        onKeyDown={[Function]}
        onKeyUp={[Function]}
        onMouseDown={[Function]}
        onMouseLeave={[Function]}
        onMouseUp={[Function]}
        onTouchEnd={[Function]}
        onTouchMove={[Function]}
        onTouchStart={[Function]}
        tabIndex={0}
        type="button"
      >
        5
      </button>
    </li>
    <li>
      <div
        className="MuiPaginationItem-root MuiPaginationItem-ellipsis"
      >
        â€¦
      </div>
    </li>
    <li>
      <button
        aria-label="Go to page 15"
        className="MuiButtonBase-root MuiPaginationItem-root MuiPaginationItem-page MuiPaginationItem-rounded MuiPaginationItem-textPrimary"
        disabled={false}
        onBlur={[Function]}
        onClick={[Function]}
        onDragLeave={[Function]}
        onFocus={[Function]}
        onKeyDown={[Function]}
        onKeyUp={[Function]}
        onMouseDown={[Function]}
        onMouseLeave={[Function]}
        onMouseUp={[Function]}
        onTouchEnd={[Function]}
        onTouchMove={[Function]}
        onTouchStart={[Function]}
        tabIndex={0}
        type="button"
      >
        15
      </button>
    </li>
    <li>
      <button
        aria-label="Go to next page"
        className="MuiButtonBase-root MuiPaginationItem-root MuiPaginationItem-page MuiPaginationItem-rounded MuiPaginationItem-textPrimary"
        disabled={false}
        onBlur={[Function]}
        onClick={[Function]}
        onDragLeave={[Function]}
        onFocus={[Function]}
        onKeyDown={[Function]}
        onKeyUp={[Function]}
        onMouseDown={[Function]}
        onMouseLeave={[Function]}
        onMouseUp={[Function]}
        onTouchEnd={[Function]}
        onTouchMove={[Function]}
        onTouchStart={[Function]}
        tabIndex={0}
        type="button"
      >
        <svg
          aria-hidden="true"
          className="MuiSvgIcon-root MuiPaginationItem-icon"
          focusable="false"
          viewBox="0 0 24 24"
        >
          <path
            d="M10 6L8.59 7.41 13.17 12l-4.58 4.59L10 18l6-6z"
          />
        </svg>
      </button>
    </li>
  </ul>
</nav>
`;

exports[`expect <RepositoryCard /> to match snapshot 1`] = `
<div
  className="card-container"
>
  <a
    className="card-name"
  />
  <div
    className="bottom-wrapper"
  >
    <a
      className="stars-container"
      href="undefined/stargazers"
    >
      <svg
        aria-hidden="true"
        className="MuiSvgIcon-root"
        focusable="false"
        viewBox="0 0 24 24"
      >
        <path
          d="M12 17.27L18.18 21l-1.64-7.03L22 9.24l-7.19-.61L12 2 9.19 8.63 2 9.24l5.46 4.73L5.82 21z"
        />
      </svg>
    </a>
    <div
      className="updatedAt"
    >
      Updated undefined
    </div>
  </div>
</div>
`;

exports[`expect <SearchBar /> to match snapshot 1`] = `
<header
  className="MuiPaper-root MuiAppBar-root makeStyles-appRoot-1 MuiAppBar-positionStatic MuiAppBar-colorPrimary MuiPaper-elevation4"
>
  <div
    className="MuiToolbar-root MuiToolbar-regular MuiToolbar-gutters"
  >
    <form
      onSubmit={[Function]}
    >
      <div
        className="makeStyles-container-6"
      >
        <svg
          aria-hidden="true"
          className="MuiSvgIcon-root makeStyles-githubIcon-7"
          focusable="false"
          viewBox="0 0 24 24"
        >
          <path
            d="M12 .3a12 12 0 0 0-3.8 23.4c.6.1.8-.3.8-.6v-2c-3.3.7-4-1.6-4-1.6-.6-1.4-1.4-1.8-1.4-1.8-1-.7.1-.7.1-.7 1.2 0 1.9 1.2 1.9 1.2 1 1.8 2.8 1.3 3.5 1 0-.8.4-1.3.7-1.6-2.7-.3-5.5-1.3-5.5-6 0-1.2.5-2.3 1.3-3.1-.2-.4-.6-1.6 0-3.2 0 0 1-.3 3.4 1.2a11.5 11.5 0 0 1 6 0c2.3-1.5 3.3-1.2 3.3-1.2.6 1.6.2 2.8 0 3.2.9.8 1.3 1.9 1.3 3.2 0 4.6-2.8 5.6-5.5 5.9.5.4.9 1 .9 2.2v3.3c0 .3.1.7.8.6A12 12 0 0 0 12 .3"
          />
        </svg>
        <div
          className="makeStyles-searchContainer-2"
        >
          <div
            className="makeStyles-searchIcon-3"
          >
            <svg
              aria-hidden="true"
              className="MuiSvgIcon-root"
              focusable="false"
              viewBox="0 0 24 24"
            >
              <path
                d="M15.5 14h-.79l-.28-.27C15.41 12.59 16 11.11 16 9.5 16 5.91 13.09 3 9.5 3S3 5.91 3 9.5 5.91 16 9.5 16c1.61 0 3.09-.59 4.23-1.57l.27.28v.79l5 4.99L20.49 19l-4.99-5zm-6 0C7.01 14 5 11.99 5 9.5S7.01 5 9.5 5 14 7.01 14 9.5 11.99 14 9.5 14z"
              />
            </svg>
          </div>
          <div
            className="MuiInputBase-root makeStyles-inputRoot-4"
            onClick={[Function]}
          >
            <input
              className="MuiInputBase-input makeStyles-inputInput-5"
              onAnimationStart={[Function]}
              onBlur={[Function]}
              onChange={[Function]}
              onFocus={[Function]}
              type="text"
            />
          </div>
        </div>
      </div>
    </form>
  </div>
</header>
`;
